mode: atomic
user-service/internal/infrastructure/security/sanitizer.go:13.32,15.2 1 7
user-service/internal/infrastructure/security/sanitizer.go:18.57,29.2 4 5
user-service/internal/infrastructure/security/sanitizer.go:32.56,40.2 3 4
user-service/internal/infrastructure/security/sanitizer.go:43.62,55.2 5 5
user-service/internal/infrastructure/security/sanitizer.go:58.56,64.2 3 4
user-service/internal/infrastructure/security/sanitizer.go:67.59,79.2 7 4
user-service/internal/infrastructure/security/sanitizer.go:82.55,88.36 3 0
user-service/internal/infrastructure/security/sanitizer.go:88.36,91.3 2 0
user-service/internal/infrastructure/security/sanitizer.go:93.2,93.14 1 0
user-service/internal/infrastructure/security/sanitizer.go:98.59,114.38 2 6
user-service/internal/infrastructure/security/sanitizer.go:114.38,116.14 2 42
user-service/internal/infrastructure/security/sanitizer.go:116.14,118.4 1 4
user-service/internal/infrastructure/security/sanitizer.go:121.2,121.13 1 2
user-service/internal/infrastructure/security/sanitizer.go:125.55,135.39 2 5
user-service/internal/infrastructure/security/sanitizer.go:135.39,137.14 2 18
user-service/internal/infrastructure/security/sanitizer.go:137.14,139.4 1 3
user-service/internal/infrastructure/security/sanitizer.go:142.2,142.13 1 2
user-service/internal/infrastructure/auth/jwt.go:19.69,24.2 1 0
user-service/internal/infrastructure/auth/jwt.go:26.65,39.2 3 0
user-service/internal/infrastructure/auth/jwt.go:42.70,45.98 2 0
user-service/internal/infrastructure/auth/jwt.go:45.98,47.3 1 0
user-service/internal/infrastructure/auth/jwt.go:49.2,49.32 1 0
user-service/internal/infrastructure/auth/jwt.go:49.32,51.3 1 0
user-service/internal/infrastructure/auth/jwt.go:53.2,53.20 1 0
user-service/internal/infrastructure/auth/password.go:20.52,28.2 1 1
user-service/internal/infrastructure/auth/password.go:31.61,32.33 1 15
user-service/internal/infrastructure/auth/password.go:32.33,34.3 1 2
user-service/internal/infrastructure/auth/password.go:36.2,36.51 1 13
user-service/internal/infrastructure/auth/password.go:36.51,38.3 1 2
user-service/internal/infrastructure/auth/password.go:40.2,40.51 1 11
user-service/internal/infrastructure/auth/password.go:40.51,42.3 1 2
user-service/internal/infrastructure/auth/password.go:44.2,44.46 1 9
user-service/internal/infrastructure/auth/password.go:44.46,46.3 1 2
user-service/internal/infrastructure/auth/password.go:48.2,48.55 1 7
user-service/internal/infrastructure/auth/password.go:48.55,50.3 1 1
user-service/internal/infrastructure/auth/password.go:53.2,53.32 1 6
user-service/internal/infrastructure/auth/password.go:53.32,55.3 1 2
user-service/internal/infrastructure/auth/password.go:57.2,57.12 1 4
user-service/internal/infrastructure/auth/password.go:60.34,61.22 1 16
user-service/internal/infrastructure/auth/password.go:61.22,62.25 1 40
user-service/internal/infrastructure/auth/password.go:62.25,64.4 1 11
user-service/internal/infrastructure/auth/password.go:66.2,66.14 1 5
user-service/internal/infrastructure/auth/password.go:69.34,70.22 1 17
user-service/internal/infrastructure/auth/password.go:70.22,71.25 1 50
user-service/internal/infrastructure/auth/password.go:71.25,73.4 1 12
user-service/internal/infrastructure/auth/password.go:75.2,75.14 1 5
user-service/internal/infrastructure/auth/password.go:78.31,79.22 1 13
user-service/internal/infrastructure/auth/password.go:79.22,80.25 1 85
user-service/internal/infrastructure/auth/password.go:80.25,82.4 1 9
user-service/internal/infrastructure/auth/password.go:84.2,84.14 1 4
user-service/internal/infrastructure/auth/password.go:87.36,91.2 2 13
user-service/internal/infrastructure/auth/password.go:166.45,169.29 2 14
user-service/internal/infrastructure/auth/password.go:169.29,171.3 1 143
user-service/internal/infrastructure/auth/password.go:174.2,174.36 1 14
user-service/internal/infrastructure/auth/password.go:174.36,176.3 1 7
user-service/internal/infrastructure/auth/password.go:180.2,180.41 1 7
user-service/internal/infrastructure/auth/password.go:180.41,181.26 1 311
user-service/internal/infrastructure/auth/password.go:181.26,183.51 1 291
user-service/internal/infrastructure/auth/password.go:183.51,185.5 1 2
user-service/internal/infrastructure/auth/password.go:190.2,190.48 1 5
user-service/internal/infrastructure/auth/password.go:190.48,191.47 1 25
user-service/internal/infrastructure/auth/password.go:191.47,193.4 1 0
user-service/internal/infrastructure/auth/password.go:196.2,196.14 1 5
user-service/internal/interfaces/http/middleware/auth.go:15.82,16.46 1 0
user-service/internal/interfaces/http/middleware/auth.go:16.46,17.72 1 0
user-service/internal/interfaces/http/middleware/auth.go:17.72,19.24 2 0
user-service/internal/interfaces/http/middleware/auth.go:19.24,22.5 2 0
user-service/internal/interfaces/http/middleware/auth.go:24.4,25.64 2 0
user-service/internal/interfaces/http/middleware/auth.go:25.64,28.5 2 0
user-service/internal/interfaces/http/middleware/auth.go:30.4,34.18 3 0
user-service/internal/interfaces/http/middleware/auth.go:34.18,37.5 2 0
user-service/internal/interfaces/http/middleware/auth.go:40.4,41.41 2 0
user-service/internal/interfaces/http/middleware/auth.go:47.38,48.49 1 0
user-service/internal/interfaces/http/middleware/auth.go:48.49,49.29 1 0
user-service/internal/interfaces/http/middleware/auth.go:49.29,51.4 1 0
user-service/internal/interfaces/http/middleware/auth.go:53.2,53.10 1 0
user-service/internal/interfaces/http/middleware/cors.go:5.43,6.71 1 0
user-service/internal/interfaces/http/middleware/cors.go:6.71,11.28 4 0
user-service/internal/interfaces/http/middleware/cors.go:11.28,14.4 2 0
user-service/internal/interfaces/http/middleware/cors.go:16.3,16.23 1 0
user-service/internal/interfaces/http/middleware/logging.go:18.49,21.2 2 0
user-service/internal/interfaces/http/middleware/logging.go:23.56,27.2 3 0
user-service/internal/interfaces/http/middleware/logging.go:30.80,31.46 1 0
user-service/internal/interfaces/http/middleware/logging.go:31.46,32.72 1 0
user-service/internal/interfaces/http/middleware/logging.go:32.72,50.33 6 0
user-service/internal/interfaces/http/middleware/logging.go:50.33,52.5 1 0
user-service/internal/interfaces/http/middleware/logging.go:52.10,52.40 1 0
user-service/internal/interfaces/http/middleware/logging.go:52.40,54.5 1 0
user-service/internal/interfaces/http/middleware/logging.go:56.4,64.24 1 0
user-service/internal/interfaces/http/middleware/logging.go:70.82,71.46 1 0
user-service/internal/interfaces/http/middleware/logging.go:71.46,72.72 1 0
user-service/internal/interfaces/http/middleware/logging.go:72.72,74.23 2 0
user-service/internal/interfaces/http/middleware/logging.go:74.23,77.5 1 0
user-service/internal/interfaces/http/middleware/logging.go:80.4,87.24 5 0
user-service/internal/interfaces/http/middleware/logging.go:93.33,95.2 1 0
user-service/internal/interfaces/http/middleware/metrics.go:88.20,98.2 9 0
user-service/internal/interfaces/http/middleware/metrics.go:101.59,102.71 1 0
user-service/internal/interfaces/http/middleware/metrics.go:102.71,127.26 12 0
user-service/internal/interfaces/http/middleware/metrics.go:127.26,129.4 1 0
user-service/internal/interfaces/http/middleware/metrics.go:131.3,131.31 1 0
user-service/internal/interfaces/http/middleware/metrics.go:131.31,133.4 1 0
user-service/internal/interfaces/http/middleware/metrics.go:144.57,147.2 2 0
user-service/internal/interfaces/http/middleware/metrics.go:149.64,153.2 3 0
user-service/internal/interfaces/http/middleware/metrics.go:156.36,158.2 1 0
user-service/internal/interfaces/http/middleware/metrics.go:161.31,163.2 1 0
user-service/internal/interfaces/http/middleware/metrics.go:165.24,167.2 1 0
user-service/internal/interfaces/http/middleware/metrics.go:169.26,171.2 1 0
user-service/internal/interfaces/http/middleware/metrics.go:173.29,175.2 1 0
user-service/internal/interfaces/http/middleware/ratelimit.go:31.91,43.2 3 1
user-service/internal/interfaces/http/middleware/ratelimit.go:46.60,51.13 4 5
user-service/internal/interfaces/http/middleware/ratelimit.go:51.13,55.3 3 1
user-service/internal/interfaces/http/middleware/ratelimit.go:58.2,59.18 2 4
user-service/internal/interfaces/http/middleware/ratelimit.go:63.42,67.6 3 1
user-service/internal/interfaces/http/middleware/ratelimit.go:67.6,73.34 4 1
user-service/internal/interfaces/http/middleware/ratelimit.go:73.34,74.39 1 0
user-service/internal/interfaces/http/middleware/ratelimit.go:74.39,76.5 1 0
user-service/internal/interfaces/http/middleware/ratelimit.go:78.3,81.26 2 0
user-service/internal/interfaces/http/middleware/ratelimit.go:81.26,83.34 2 0
user-service/internal/interfaces/http/middleware/ratelimit.go:83.34,85.5 1 0
user-service/internal/interfaces/http/middleware/ratelimit.go:86.4,86.18 1 0
user-service/internal/interfaces/http/middleware/ratelimit.go:92.80,93.46 1 1
user-service/internal/interfaces/http/middleware/ratelimit.go:93.46,94.72 1 1
user-service/internal/interfaces/http/middleware/ratelimit.go:94.72,100.18 3 5
user-service/internal/interfaces/http/middleware/ratelimit.go:100.18,103.5 2 3
user-service/internal/interfaces/http/middleware/ratelimit.go:105.4,105.24 1 2
user-service/internal/interfaces/http/middleware/ratelimit.go:111.102,114.46 2 0
user-service/internal/interfaces/http/middleware/ratelimit.go:114.46,115.72 1 0
user-service/internal/interfaces/http/middleware/ratelimit.go:115.72,119.18 3 0
user-service/internal/interfaces/http/middleware/ratelimit.go:119.18,122.5 2 0
user-service/internal/interfaces/http/middleware/ratelimit.go:125.4,129.24 4 0
user-service/internal/interfaces/http/middleware/ratelimit.go:135.42,138.15 2 5
user-service/internal/interfaces/http/middleware/ratelimit.go:138.15,141.19 2 0
user-service/internal/interfaces/http/middleware/ratelimit.go:141.19,143.4 1 0
user-service/internal/interfaces/http/middleware/ratelimit.go:147.2,148.15 2 5
user-service/internal/interfaces/http/middleware/ratelimit.go:148.15,150.3 1 0
user-service/internal/interfaces/http/middleware/ratelimit.go:153.2,154.11 2 5
user-service/internal/interfaces/http/middleware/ratelimit.go:158.55,168.2 4 3
user-service/internal/interfaces/http/middleware/ratelimit.go:171.100,174.46 2 0
user-service/internal/interfaces/http/middleware/ratelimit.go:174.46,175.72 1 0
user-service/internal/interfaces/http/middleware/ratelimit.go:175.72,178.19 2 0
user-service/internal/interfaces/http/middleware/ratelimit.go:178.19,181.5 2 0
user-service/internal/interfaces/http/middleware/ratelimit.go:184.4,187.18 3 0
user-service/internal/interfaces/http/middleware/ratelimit.go:187.18,190.5 2 0
user-service/internal/interfaces/http/middleware/ratelimit.go:192.4,192.24 1 0
user-service/internal/interfaces/http/middleware/redis_ratelimit.go:20.104,26.2 1 0
user-service/internal/interfaces/http/middleware/redis_ratelimit.go:28.89,40.16 6 0
user-service/internal/interfaces/http/middleware/redis_ratelimit.go:40.16,42.3 1 0
user-service/internal/interfaces/http/middleware/redis_ratelimit.go:44.2,45.16 2 0
user-service/internal/interfaces/http/middleware/redis_ratelimit.go:45.16,47.3 1 0
user-service/internal/interfaces/http/middleware/redis_ratelimit.go:49.2,49.38 1 0
user-service/internal/interfaces/http/middleware/redis_ratelimit.go:53.85,54.46 1 0
user-service/internal/interfaces/http/middleware/redis_ratelimit.go:54.46,55.72 1 0
user-service/internal/interfaces/http/middleware/redis_ratelimit.go:55.72,60.18 4 0
user-service/internal/interfaces/http/middleware/redis_ratelimit.go:60.18,66.5 3 0
user-service/internal/interfaces/http/middleware/redis_ratelimit.go:68.4,68.16 1 0
user-service/internal/interfaces/http/middleware/redis_ratelimit.go:68.16,76.5 4 0
user-service/internal/interfaces/http/middleware/redis_ratelimit.go:78.4,78.24 1 0
user-service/internal/interfaces/http/middleware/redis_ratelimit.go:84.129,87.2 2 0
user-service/internal/interfaces/http/middleware/redis_ratelimit.go:90.127,91.46 1 0
user-service/internal/interfaces/http/middleware/redis_ratelimit.go:91.46,92.72 1 0
user-service/internal/interfaces/http/middleware/redis_ratelimit.go:92.72,95.19 2 0
user-service/internal/interfaces/http/middleware/redis_ratelimit.go:95.19,98.5 2 0
user-service/internal/interfaces/http/middleware/redis_ratelimit.go:101.4,106.18 5 0
user-service/internal/interfaces/http/middleware/redis_ratelimit.go:106.18,111.5 3 0
user-service/internal/interfaces/http/middleware/redis_ratelimit.go:113.4,113.16 1 0
user-service/internal/interfaces/http/middleware/redis_ratelimit.go:113.16,121.5 4 0
user-service/internal/interfaces/http/middleware/redis_ratelimit.go:123.4,123.24 1 0
user-service/internal/interfaces/http/middleware/security.go:6.54,7.71 1 0
user-service/internal/interfaces/http/middleware/security.go:7.71,19.19 4 0
user-service/internal/interfaces/http/middleware/security.go:19.19,21.4 1 0
user-service/internal/interfaces/http/middleware/security.go:24.3,53.23 6 0
user-service/internal/interfaces/http/middleware/security.go:58.56,59.71 1 0
user-service/internal/interfaces/http/middleware/security.go:59.71,62.3 2 0
user-service/internal/infrastructure/logger/logger.go:18.58,22.34 2 0
user-service/internal/infrastructure/logger/logger.go:22.34,27.3 1 0
user-service/internal/infrastructure/logger/logger.go:30.2,33.34 3 0
user-service/internal/infrastructure/logger/logger.go:33.34,35.3 1 0
user-service/internal/infrastructure/logger/logger.go:37.2,47.32 3 0
user-service/internal/infrastructure/logger/logger.go:51.40,53.2 1 0
user-service/internal/infrastructure/logger/logger.go:56.41,58.2 1 0
user-service/internal/infrastructure/logger/logger.go:61.40,63.2 1 0
user-service/internal/infrastructure/logger/logger.go:66.41,68.2 1 0
user-service/internal/infrastructure/logger/logger.go:71.41,73.2 1 0
user-service/internal/infrastructure/logger/logger.go:76.41,78.2 1 0
user-service/internal/infrastructure/logger/logger.go:81.47,83.2 1 0
user-service/internal/config/config.go:47.21,55.16 6 0
user-service/internal/config/config.go:55.16,57.3 1 0
user-service/internal/config/config.go:60.2,123.3 27 0
user-service/internal/config/config.go:126.42,127.40 1 0
user-service/internal/config/config.go:127.40,129.3 1 0
user-service/internal/config/config.go:130.2,130.17 1 0
user-service/internal/config/config.go:133.48,135.54 2 0
user-service/internal/config/config.go:135.54,137.3 1 0
user-service/internal/config/config.go:138.2,138.17 1 0
user-service/internal/config/config.go:141.58,143.64 2 0
user-service/internal/config/config.go:143.64,145.3 1 0
user-service/internal/config/config.go:146.2,146.17 1 0
user-service/cmd/main.go:25.13,55.16 8 0
user-service/cmd/main.go:55.16,57.3 1 0
user-service/cmd/main.go:60.2,61.16 2 0
user-service/cmd/main.go:61.16,63.3 1 0
user-service/cmd/main.go:64.2,69.16 4 0
user-service/cmd/main.go:69.16,73.3 3 0
user-service/cmd/main.go:73.8,76.3 2 0
user-service/cmd/main.go:79.2,80.70 2 0
user-service/cmd/main.go:80.70,82.3 1 0
user-service/cmd/main.go:83.2,87.16 3 0
user-service/cmd/main.go:87.16,89.3 1 0
user-service/cmd/main.go:92.2,93.24 2 0
user-service/cmd/main.go:93.24,95.3 1 0
user-service/cmd/main.go:98.2,116.24 9 0
user-service/cmd/main.go:116.24,125.3 3 0
user-service/cmd/main.go:125.8,134.3 3 0
user-service/cmd/main.go:137.2,158.12 6 0
user-service/cmd/main.go:158.12,167.77 2 0
user-service/cmd/main.go:167.77,169.4 1 0
user-service/cmd/main.go:173.2,183.42 7 0
user-service/cmd/main.go:183.42,185.3 1 0
user-service/cmd/main.go:187.2,187.44 1 0
user-service/cmd/main.go:196.18,207.24 4 0
user-service/cmd/main.go:207.24,219.3 2 0
user-service/cmd/main.go:219.8,231.3 2 0
user-service/cmd/main.go:234.2,241.24 2 0
user-service/cmd/main.go:241.24,271.3 4 0
user-service/cmd/main.go:271.8,301.3 4 0
user-service/cmd/main.go:303.2,303.12 1 0
user-service/cmd/main.go:306.80,307.54 1 0
user-service/cmd/main.go:307.54,316.38 3 0
user-service/cmd/main.go:316.38,322.4 2 0
user-service/cmd/main.go:322.9,326.4 1 0
user-service/cmd/main.go:329.3,329.25 1 0
user-service/cmd/main.go:329.25,333.48 3 0
user-service/cmd/main.go:333.48,338.5 1 0
user-service/cmd/main.go:338.10,342.5 1 0
user-service/cmd/main.go:343.9,347.4 1 0
user-service/cmd/main.go:350.3,351.38 2 0
user-service/cmd/main.go:351.38,353.4 1 0
user-service/cmd/main.go:355.3,357.36 3 0
user-service/cmd/main.go:361.42,362.40 1 0
user-service/cmd/main.go:362.40,364.3 1 0
user-service/cmd/main.go:365.2,365.17 1 0
user-service/internal/domain/user.go:26.33,28.2 1 0
user-service/internal/domain/user.go:30.34,31.43 1 0
user-service/internal/domain/user.go:31.43,33.3 1 0
user-service/internal/domain/user.go:34.2,34.23 1 0
user-service/internal/domain/user.go:34.23,36.3 1 0
user-service/internal/domain/user.go:37.2,37.22 1 0
user-service/internal/domain/user.go:37.22,39.3 1 0
user-service/internal/domain/user.go:40.2,40.58 1 0
user-service/internal/interfaces/http/handlers/user_handler.go:55.84,61.2 1 0
user-service/internal/interfaces/http/handlers/user_handler.go:63.72,64.33 1 0
user-service/internal/interfaces/http/handlers/user_handler.go:64.33,67.3 2 0
user-service/internal/interfaces/http/handlers/user_handler.go:69.2,70.61 2 0
user-service/internal/interfaces/http/handlers/user_handler.go:70.61,73.3 2 0
user-service/internal/interfaces/http/handlers/user_handler.go:77.2,77.45 1 0
user-service/internal/interfaces/http/handlers/user_handler.go:77.45,79.10 2 0
user-service/internal/interfaces/http/handlers/user_handler.go:79.10,82.4 2 0
user-service/internal/interfaces/http/handlers/user_handler.go:85.3,86.38 2 0
user-service/internal/interfaces/http/handlers/user_handler.go:86.38,88.4 1 0
user-service/internal/interfaces/http/handlers/user_handler.go:90.3,96.9 4 0
user-service/internal/interfaces/http/handlers/user_handler.go:100.2,110.52 5 0
user-service/internal/interfaces/http/handlers/user_handler.go:110.52,111.58 1 0
user-service/internal/interfaces/http/handlers/user_handler.go:111.58,114.4 2 0
user-service/internal/interfaces/http/handlers/user_handler.go:115.3,116.9 2 0
user-service/internal/interfaces/http/handlers/user_handler.go:120.2,130.4 3 0
user-service/internal/interfaces/http/handlers/user_handler.go:133.69,134.33 1 0
user-service/internal/interfaces/http/handlers/user_handler.go:134.33,137.3 2 0
user-service/internal/interfaces/http/handlers/user_handler.go:139.2,144.61 2 0
user-service/internal/interfaces/http/handlers/user_handler.go:144.61,147.3 2 0
user-service/internal/interfaces/http/handlers/user_handler.go:149.2,151.16 3 0
user-service/internal/interfaces/http/handlers/user_handler.go:151.16,155.3 3 0
user-service/internal/interfaces/http/handlers/user_handler.go:157.2,158.16 2 0
user-service/internal/interfaces/http/handlers/user_handler.go:158.16,161.3 2 0
user-service/internal/interfaces/http/handlers/user_handler.go:164.2,171.4 3 0
user-service/internal/interfaces/http/handlers/user_handler.go:174.78,176.17 2 0
user-service/internal/interfaces/http/handlers/user_handler.go:176.17,179.3 2 0
user-service/internal/interfaces/http/handlers/user_handler.go:181.2,183.16 3 0
user-service/internal/interfaces/http/handlers/user_handler.go:183.16,186.3 2 0
user-service/internal/interfaces/http/handlers/user_handler.go:189.2,192.33 3 0
user-service/internal/interfaces/http/handlers/user_handler.go:195.77,196.32 1 0
user-service/internal/interfaces/http/handlers/user_handler.go:196.32,199.3 2 0
user-service/internal/interfaces/http/handlers/user_handler.go:201.2,202.17 2 0
user-service/internal/interfaces/http/handlers/user_handler.go:202.17,205.3 2 0
user-service/internal/interfaces/http/handlers/user_handler.go:207.2,208.67 2 0
user-service/internal/interfaces/http/handlers/user_handler.go:208.67,211.3 2 0
user-service/internal/interfaces/http/handlers/user_handler.go:214.2,214.51 1 0
user-service/internal/interfaces/http/handlers/user_handler.go:214.51,216.10 2 0
user-service/internal/interfaces/http/handlers/user_handler.go:216.10,219.4 2 0
user-service/internal/interfaces/http/handlers/user_handler.go:221.3,222.38 2 0
user-service/internal/interfaces/http/handlers/user_handler.go:222.38,224.4 1 0
user-service/internal/interfaces/http/handlers/user_handler.go:226.3,232.9 4 0
user-service/internal/interfaces/http/handlers/user_handler.go:235.2,239.16 3 0
user-service/internal/interfaces/http/handlers/user_handler.go:239.16,242.3 2 0
user-service/internal/interfaces/http/handlers/user_handler.go:245.2,245.31 1 0
user-service/internal/interfaces/http/handlers/user_handler.go:245.31,247.3 1 0
user-service/internal/interfaces/http/handlers/user_handler.go:248.2,248.30 1 0
user-service/internal/interfaces/http/handlers/user_handler.go:248.30,250.3 1 0
user-service/internal/interfaces/http/handlers/user_handler.go:251.2,251.30 1 0
user-service/internal/interfaces/http/handlers/user_handler.go:251.30,253.3 1 0
user-service/internal/interfaces/http/handlers/user_handler.go:254.2,254.27 1 0
user-service/internal/interfaces/http/handlers/user_handler.go:254.27,256.3 1 0
user-service/internal/interfaces/http/handlers/user_handler.go:257.2,257.28 1 0
user-service/internal/interfaces/http/handlers/user_handler.go:257.28,259.3 1 0
user-service/internal/interfaces/http/handlers/user_handler.go:260.2,260.30 1 0
user-service/internal/interfaces/http/handlers/user_handler.go:260.30,263.17 2 0
user-service/internal/interfaces/http/handlers/user_handler.go:263.17,266.4 2 0
user-service/internal/interfaces/http/handlers/user_handler.go:268.3,269.31 2 0
user-service/internal/interfaces/http/handlers/user_handler.go:273.2,273.56 1 0
user-service/internal/interfaces/http/handlers/user_handler.go:273.56,276.3 2 0
user-service/internal/interfaces/http/handlers/user_handler.go:279.2,285.4 3 0
user-service/internal/interfaces/http/handlers/user_handler.go:288.78,289.33 1 0
user-service/internal/interfaces/http/handlers/user_handler.go:289.33,292.3 2 0
user-service/internal/interfaces/http/handlers/user_handler.go:294.2,295.17 2 0
user-service/internal/interfaces/http/handlers/user_handler.go:295.17,298.3 2 0
user-service/internal/interfaces/http/handlers/user_handler.go:300.2,301.61 2 0
user-service/internal/interfaces/http/handlers/user_handler.go:301.61,304.3 2 0
user-service/internal/interfaces/http/handlers/user_handler.go:307.2,307.45 1 0
user-service/internal/interfaces/http/handlers/user_handler.go:307.45,309.10 2 0
user-service/internal/interfaces/http/handlers/user_handler.go:309.10,312.4 2 0
user-service/internal/interfaces/http/handlers/user_handler.go:314.3,315.38 2 0
user-service/internal/interfaces/http/handlers/user_handler.go:315.38,317.4 1 0
user-service/internal/interfaces/http/handlers/user_handler.go:319.3,325.9 4 0
user-service/internal/interfaces/http/handlers/user_handler.go:328.2,332.16 3 0
user-service/internal/interfaces/http/handlers/user_handler.go:332.16,335.3 2 0
user-service/internal/interfaces/http/handlers/user_handler.go:338.2,339.16 2 0
user-service/internal/interfaces/http/handlers/user_handler.go:339.16,342.3 2 0
user-service/internal/interfaces/http/handlers/user_handler.go:345.2,346.16 2 0
user-service/internal/interfaces/http/handlers/user_handler.go:346.16,349.3 2 0
user-service/internal/interfaces/http/handlers/user_handler.go:352.2,353.56 2 0
user-service/internal/interfaces/http/handlers/user_handler.go:353.56,356.3 2 0
user-service/internal/interfaces/http/handlers/user_handler.go:359.2,364.4 3 0
user-service/internal/interfaces/http/handlers/user_handler.go:367.73,368.32 1 0
user-service/internal/interfaces/http/handlers/user_handler.go:368.32,371.3 2 0
user-service/internal/interfaces/http/handlers/user_handler.go:374.2,377.45 3 0
user-service/internal/interfaces/http/handlers/user_handler.go:377.45,379.3 1 0
user-service/internal/interfaces/http/handlers/user_handler.go:381.2,381.52 1 0
user-service/internal/interfaces/http/handlers/user_handler.go:381.52,383.3 1 0
user-service/internal/interfaces/http/handlers/user_handler.go:386.2,386.19 1 0
user-service/internal/interfaces/http/handlers/user_handler.go:386.19,388.3 1 0
user-service/internal/interfaces/http/handlers/user_handler.go:389.2,389.20 1 0
user-service/internal/interfaces/http/handlers/user_handler.go:389.20,391.3 1 0
user-service/internal/interfaces/http/handlers/user_handler.go:393.2,393.15 1 0
user-service/internal/interfaces/http/handlers/user_handler.go:393.15,395.3 1 0
user-service/internal/interfaces/http/handlers/user_handler.go:396.2,398.16 3 0
user-service/internal/interfaces/http/handlers/user_handler.go:398.16,401.3 2 0
user-service/internal/interfaces/http/handlers/user_handler.go:404.2,404.29 1 0
user-service/internal/interfaces/http/handlers/user_handler.go:404.29,406.3 1 0
user-service/internal/interfaces/http/handlers/user_handler.go:408.2,415.4 2 0
user-service/internal/interfaces/http/handlers/user_handler.go:418.74,419.35 1 0
user-service/internal/interfaces/http/handlers/user_handler.go:419.35,422.3 2 0
user-service/internal/interfaces/http/handlers/user_handler.go:424.2,425.17 2 0
user-service/internal/interfaces/http/handlers/user_handler.go:425.17,428.3 2 0
user-service/internal/interfaces/http/handlers/user_handler.go:430.2,431.64 2 0
user-service/internal/interfaces/http/handlers/user_handler.go:431.64,434.3 2 0
user-service/internal/interfaces/http/handlers/user_handler.go:436.2,440.4 2 0
user-service/internal/interfaces/http/handlers/user_handler.go:443.60,444.18 1 0
user-service/internal/interfaces/http/handlers/user_handler.go:445.18,446.51 1 0
user-service/internal/interfaces/http/handlers/user_handler.go:447.15,448.32 1 0
user-service/internal/interfaces/http/handlers/user_handler.go:449.13,450.82 1 0
user-service/internal/interfaces/http/handlers/user_handler.go:451.13,452.81 1 0
user-service/internal/interfaces/http/handlers/user_handler.go:453.10,454.50 1 0
user-service/internal/infrastructure/redis/client.go:16.74,32.47 4 0
user-service/internal/infrastructure/redis/client.go:32.47,34.3 1 0
user-service/internal/infrastructure/redis/client.go:36.2,36.42 1 0
user-service/internal/infrastructure/redis/client.go:40.111,42.16 2 0
user-service/internal/infrastructure/redis/client.go:42.16,44.3 1 0
user-service/internal/infrastructure/redis/client.go:46.2,46.55 1 0
user-service/internal/infrastructure/redis/client.go:49.84,51.16 2 0
user-service/internal/infrastructure/redis/client.go:51.16,53.3 1 0
user-service/internal/infrastructure/redis/client.go:55.2,55.42 1 0
user-service/internal/infrastructure/redis/client.go:58.73,60.2 1 0
user-service/internal/infrastructure/redis/client.go:62.82,64.2 1 0
user-service/internal/infrastructure/redis/client.go:67.76,69.2 1 0
user-service/internal/infrastructure/redis/client.go:71.95,73.2 1 0
user-service/internal/infrastructure/redis/client.go:75.83,77.2 1 0
user-service/internal/infrastructure/redis/client.go:80.50,82.2 1 0
user-service/internal/infrastructure/redis/client.go:84.37,86.2 1 0
user-service/internal/infrastructure/redis/client.go:88.55,90.2 1 0
user-service/internal/infrastructure/redis/user_cache.go:16.70,21.2 1 0
user-service/internal/infrastructure/redis/user_cache.go:23.71,26.2 2 0
user-service/internal/infrastructure/redis/user_cache.go:28.81,33.16 4 0
user-service/internal/infrastructure/redis/user_cache.go:33.16,35.3 1 0
user-service/internal/infrastructure/redis/user_cache.go:37.2,37.19 1 0
user-service/internal/infrastructure/redis/user_cache.go:40.68,43.2 2 0
user-service/internal/infrastructure/redis/user_cache.go:45.92,48.2 2 0
user-service/internal/infrastructure/redis/user_cache.go:50.89,55.16 4 0
user-service/internal/infrastructure/redis/user_cache.go:55.16,57.3 1 0
user-service/internal/infrastructure/redis/user_cache.go:59.2,59.19 1 0
user-service/internal/infrastructure/redis/user_cache.go:62.76,65.2 2 0
user-service/internal/infrastructure/redis/user_cache.go:67.49,69.2 1 0
user-service/internal/infrastructure/redis/user_cache.go:71.51,73.2 1 0
user-service/internal/infrastructure/postgres/connection.go:30.53,37.41 4 0
user-service/internal/infrastructure/postgres/connection.go:37.41,40.30 1 0
user-service/internal/infrastructure/postgres/connection.go:40.30,42.5 1 0
user-service/internal/infrastructure/postgres/connection.go:45.3,45.17 1 0
user-service/internal/infrastructure/postgres/connection.go:45.17,46.9 1 0
user-service/internal/infrastructure/postgres/connection.go:48.3,51.30 2 0
user-service/internal/infrastructure/postgres/connection.go:51.30,53.4 1 0
user-service/internal/infrastructure/postgres/connection.go:56.2,56.16 1 0
user-service/internal/infrastructure/postgres/connection.go:56.16,59.3 1 0
user-service/internal/infrastructure/postgres/connection.go:61.2,62.16 2 0
user-service/internal/infrastructure/postgres/connection.go:62.16,64.3 1 0
user-service/internal/infrastructure/postgres/connection.go:66.2,74.47 7 0
user-service/internal/infrastructure/postgres/connection.go:74.47,76.3 1 0
user-service/internal/infrastructure/postgres/connection.go:78.2,80.16 2 0
user-service/internal/infrastructure/postgres/connection.go:84.63,91.30 2 0
user-service/internal/infrastructure/postgres/connection.go:91.30,96.3 1 0
user-service/internal/infrastructure/postgres/connection.go:98.2,106.12 2 0
user-service/internal/infrastructure/postgres/errors.go:17.39,19.28 2 0
user-service/internal/infrastructure/postgres/errors.go:19.28,22.3 1 0
user-service/internal/infrastructure/postgres/errors.go:24.2,25.53 1 0
user-service/internal/infrastructure/postgres/migrations.go:13.61,15.16 2 0
user-service/internal/infrastructure/postgres/migrations.go:15.16,17.3 1 0
user-service/internal/infrastructure/postgres/migrations.go:19.2,24.16 2 0
user-service/internal/infrastructure/postgres/migrations.go:24.16,26.3 1 0
user-service/internal/infrastructure/postgres/migrations.go:29.2,29.61 1 0
user-service/internal/infrastructure/postgres/migrations.go:29.61,31.3 1 0
user-service/internal/infrastructure/postgres/migrations.go:33.2,33.12 1 0
user-service/internal/infrastructure/postgres/migrations.go:37.59,39.16 2 0
user-service/internal/infrastructure/postgres/migrations.go:39.16,41.3 1 0
user-service/internal/infrastructure/postgres/migrations.go:43.2,48.16 2 0
user-service/internal/infrastructure/postgres/migrations.go:48.16,50.3 1 0
user-service/internal/infrastructure/postgres/migrations.go:53.2,53.66 1 0
user-service/internal/infrastructure/postgres/migrations.go:53.66,55.3 1 0
user-service/internal/infrastructure/postgres/migrations.go:57.2,57.12 1 0
user-service/internal/infrastructure/postgres/migrations.go:61.81,63.16 2 0
user-service/internal/infrastructure/postgres/migrations.go:63.16,65.3 1 0
user-service/internal/infrastructure/postgres/migrations.go:67.2,72.16 2 0
user-service/internal/infrastructure/postgres/migrations.go:72.16,74.3 1 0
user-service/internal/infrastructure/postgres/migrations.go:76.2,77.48 2 0
user-service/internal/infrastructure/postgres/migrations.go:77.48,79.3 1 0
user-service/internal/infrastructure/postgres/migrations.go:81.2,81.28 1 0
user-service/internal/infrastructure/postgres/transaction.go:14.61,16.2 1 0
user-service/internal/infrastructure/postgres/transaction.go:18.95,20.21 2 0
user-service/internal/infrastructure/postgres/transaction.go:20.21,22.3 1 0
user-service/internal/infrastructure/postgres/transaction.go:24.2,24.15 1 0
user-service/internal/infrastructure/postgres/transaction.go:24.15,25.31 1 0
user-service/internal/infrastructure/postgres/transaction.go:25.31,27.12 2 0
user-service/internal/infrastructure/postgres/transaction.go:31.2,31.31 1 0
user-service/internal/infrastructure/postgres/transaction.go:31.31,32.49 1 0
user-service/internal/infrastructure/postgres/transaction.go:32.49,34.4 1 0
user-service/internal/infrastructure/postgres/transaction.go:35.3,35.13 1 0
user-service/internal/infrastructure/postgres/transaction.go:38.2,38.42 1 0
user-service/internal/infrastructure/postgres/transaction.go:38.42,40.3 1 0
user-service/internal/infrastructure/postgres/transaction.go:42.2,42.12 1 0
user-service/internal/infrastructure/postgres/user_model.go:26.37,28.2 1 0
user-service/internal/infrastructure/postgres/user_model.go:30.45,32.23 2 0
user-service/internal/infrastructure/postgres/user_model.go:32.23,34.3 1 0
user-service/internal/infrastructure/postgres/user_model.go:36.2,50.3 1 0
user-service/internal/infrastructure/postgres/user_model.go:55.51,69.2 13 0
user-service/internal/infrastructure/postgres/user_repository.go:20.53,22.2 1 0
user-service/internal/infrastructure/postgres/user_repository.go:24.73,26.2 1 0
user-service/internal/infrastructure/postgres/user_repository.go:28.79,33.25 4 0
user-service/internal/infrastructure/postgres/user_repository.go:33.25,34.37 1 0
user-service/internal/infrastructure/postgres/user_repository.go:34.37,36.4 1 0
user-service/internal/infrastructure/postgres/user_repository.go:37.3,37.63 1 0
user-service/internal/infrastructure/postgres/user_repository.go:40.2,44.12 4 0
user-service/internal/infrastructure/postgres/user_repository.go:47.94,53.16 3 0
user-service/internal/infrastructure/postgres/user_repository.go:53.16,54.45 1 0
user-service/internal/infrastructure/postgres/user_repository.go:54.45,56.4 1 0
user-service/internal/infrastructure/postgres/user_repository.go:57.3,57.65 1 0
user-service/internal/infrastructure/postgres/user_repository.go:59.2,59.30 1 0
user-service/internal/infrastructure/postgres/user_repository.go:62.86,65.16 3 0
user-service/internal/infrastructure/postgres/user_repository.go:65.16,66.45 1 0
user-service/internal/infrastructure/postgres/user_repository.go:66.45,68.4 1 0
user-service/internal/infrastructure/postgres/user_repository.go:69.3,69.62 1 0
user-service/internal/infrastructure/postgres/user_repository.go:71.2,71.29 1 0
user-service/internal/infrastructure/postgres/user_repository.go:74.79,79.22 4 0
user-service/internal/infrastructure/postgres/user_repository.go:79.22,81.3 1 0
user-service/internal/infrastructure/postgres/user_repository.go:83.2,84.12 2 0
user-service/internal/infrastructure/postgres/user_repository.go:87.106,93.25 2 0
user-service/internal/infrastructure/postgres/user_repository.go:93.25,95.3 1 0
user-service/internal/infrastructure/postgres/user_repository.go:97.2,97.30 1 0
user-service/internal/infrastructure/postgres/user_repository.go:97.30,99.3 1 0
user-service/internal/infrastructure/postgres/user_repository.go:101.2,101.12 1 0
user-service/internal/infrastructure/postgres/user_repository.go:104.73,107.25 2 0
user-service/internal/infrastructure/postgres/user_repository.go:107.25,109.3 1 0
user-service/internal/infrastructure/postgres/user_repository.go:111.2,111.30 1 0
user-service/internal/infrastructure/postgres/user_repository.go:111.30,113.3 1 0
user-service/internal/infrastructure/postgres/user_repository.go:115.2,115.12 1 0
user-service/internal/infrastructure/postgres/user_repository.go:118.73,123.25 2 0
user-service/internal/infrastructure/postgres/user_repository.go:123.25,125.3 1 0
user-service/internal/infrastructure/postgres/user_repository.go:127.2,127.30 1 0
user-service/internal/infrastructure/postgres/user_repository.go:127.30,129.3 1 0
user-service/internal/infrastructure/postgres/user_repository.go:131.2,131.12 1 0
user-service/internal/infrastructure/postgres/user_repository.go:135.70,142.25 2 0
user-service/internal/infrastructure/postgres/user_repository.go:142.25,144.3 1 0
user-service/internal/infrastructure/postgres/user_repository.go:146.2,146.30 1 0
user-service/internal/infrastructure/postgres/user_repository.go:146.30,148.3 1 0
user-service/internal/infrastructure/postgres/user_repository.go:150.2,150.12 1 0
user-service/internal/infrastructure/postgres/user_repository.go:153.102,158.69 3 0
user-service/internal/infrastructure/postgres/user_repository.go:158.69,160.3 1 0
user-service/internal/infrastructure/postgres/user_repository.go:163.2,168.16 2 0
user-service/internal/infrastructure/postgres/user_repository.go:168.16,170.3 1 0
user-service/internal/infrastructure/postgres/user_repository.go:172.2,173.31 2 0
user-service/internal/infrastructure/postgres/user_repository.go:173.31,175.3 1 0
user-service/internal/infrastructure/postgres/user_repository.go:176.2,176.26 1 0
user-service/internal/infrastructure/postgres/user_repository.go:179.87,186.16 3 0
user-service/internal/infrastructure/postgres/user_repository.go:186.16,188.3 1 0
user-service/internal/infrastructure/postgres/user_repository.go:190.2,190.23 1 0
user-service/internal/application/user_service.go:50.139,57.2 1 9
user-service/internal/application/user_service.go:59.78,65.20 4 13
user-service/internal/application/user_service.go:65.20,67.3 1 1
user-service/internal/application/user_service.go:70.2,70.32 1 12
user-service/internal/application/user_service.go:70.32,71.64 1 12
user-service/internal/application/user_service.go:71.64,73.4 1 1
user-service/internal/application/user_service.go:77.2,78.16 2 11
user-service/internal/application/user_service.go:78.16,80.3 1 0
user-service/internal/application/user_service.go:81.2,81.12 1 11
user-service/internal/application/user_service.go:81.12,83.3 1 1
user-service/internal/application/user_service.go:86.2,87.16 2 10
user-service/internal/application/user_service.go:87.16,89.3 1 0
user-service/internal/application/user_service.go:90.2,93.61 2 10
user-service/internal/application/user_service.go:93.61,96.52 2 10
user-service/internal/application/user_service.go:96.52,98.4 1 0
user-service/internal/application/user_service.go:103.3,103.13 1 10
user-service/internal/application/user_service.go:106.2,106.16 1 10
user-service/internal/application/user_service.go:106.16,108.3 1 0
user-service/internal/application/user_service.go:110.2,110.12 1 10
user-service/internal/application/user_service.go:113.96,117.16 3 3
user-service/internal/application/user_service.go:117.16,119.3 1 1
user-service/internal/application/user_service.go:121.2,122.16 2 2
user-service/internal/application/user_service.go:122.16,124.3 1 1
user-service/internal/application/user_service.go:127.2,130.17 2 1
user-service/internal/application/user_service.go:130.18,133.3 0 0
user-service/internal/application/user_service.go:135.2,137.18 3 1
user-service/internal/application/user_service.go:140.83,142.20 1 4
user-service/internal/application/user_service.go:142.20,144.17 2 0
user-service/internal/application/user_service.go:144.17,146.4 1 0
user-service/internal/application/user_service.go:151.2,152.16 2 4
user-service/internal/application/user_service.go:152.16,154.3 1 2
user-service/internal/application/user_service.go:157.2,157.20 1 2
user-service/internal/application/user_service.go:157.20,159.3 1 0
user-service/internal/application/user_service.go:161.2,161.18 1 2
user-service/internal/application/user_service.go:164.80,167.16 2 1
user-service/internal/application/user_service.go:167.16,169.3 1 0
user-service/internal/application/user_service.go:172.2,172.54 1 1
user-service/internal/application/user_service.go:172.54,175.17 3 0
user-service/internal/application/user_service.go:175.17,177.4 1 0
user-service/internal/application/user_service.go:178.3,178.13 1 0
user-service/internal/application/user_service.go:178.13,180.4 1 0
user-service/internal/application/user_service.go:183.2,184.16 2 1
user-service/internal/application/user_service.go:184.16,186.3 1 0
user-service/internal/application/user_service.go:189.2,189.20 1 1
user-service/internal/application/user_service.go:189.20,193.35 3 0
user-service/internal/application/user_service.go:193.35,195.4 1 0
user-service/internal/application/user_service.go:198.2,198.12 1 1
user-service/internal/application/user_service.go:201.70,203.2 1 1
user-service/internal/application/user_service.go:205.105,208.2 2 1
